Archive member included to satisfy reference by file (symbol)

/Users/Ran/Documents/MCUXpressoIDE_10.1.1/workspace/CMSIS_CORE_LPC17xx/Debug/libCMSIS_CORE_LPC17xx.a(system_LPC17xx.o)
                              ./src/cr_startup_lpc175x_6x.o (SystemInit)
/Applications/MCUXpressoIDE_10.1.1_606/ide/tools/bin/../lib/gcc/arm-none-eabi/6.3.1/../../../../arm-none-eabi/lib/thumb/v7-m/libcr_semihost.a(_cr__main.o)
                              ./src/cr_startup_lpc175x_6x.o (__main)
/Applications/MCUXpressoIDE_10.1.1_606/ide/tools/bin/../lib/gcc/arm-none-eabi/6.3.1/../../../../arm-none-eabi/lib/thumb/v7-m/libcr_c.a(fpprintf.o)
                              ./src/DrawLine.o (printf)
/Applications/MCUXpressoIDE_10.1.1_606/ide/tools/bin/../lib/gcc/arm-none-eabi/6.3.1/../../../../arm-none-eabi/lib/thumb/v7-m/libcr_c.a(initio.o)
                              /Applications/MCUXpressoIDE_10.1.1_606/ide/tools/bin/../lib/gcc/arm-none-eabi/6.3.1/../../../../arm-none-eabi/lib/thumb/v7-m/libcr_semihost.a(_cr__main.o) (_initio)
/Applications/MCUXpressoIDE_10.1.1_606/ide/tools/bin/../lib/gcc/arm-none-eabi/6.3.1/../../../../arm-none-eabi/lib/thumb/v7-m/libcr_c.a(printf.o)
                              /Applications/MCUXpressoIDE_10.1.1_606/ide/tools/bin/../lib/gcc/arm-none-eabi/6.3.1/../../../../arm-none-eabi/lib/thumb/v7-m/libcr_c.a(fpprintf.o) (__vfprintf)
/Applications/MCUXpressoIDE_10.1.1_606/ide/tools/bin/../lib/gcc/arm-none-eabi/6.3.1/../../../../arm-none-eabi/lib/thumb/v7-m/libcr_c.a(puts.o)
                              ./src/DrawLine.o (puts)
/Applications/MCUXpressoIDE_10.1.1_606/ide/tools/bin/../lib/gcc/arm-none-eabi/6.3.1/../../../../arm-none-eabi/lib/thumb/v7-m/libcr_c.a(setvbuf.o)
                              /Applications/MCUXpressoIDE_10.1.1_606/ide/tools/bin/../lib/gcc/arm-none-eabi/6.3.1/../../../../arm-none-eabi/lib/thumb/v7-m/libcr_c.a(initio.o) (setvbuf)
/Applications/MCUXpressoIDE_10.1.1_606/ide/tools/bin/../lib/gcc/arm-none-eabi/6.3.1/../../../../arm-none-eabi/lib/thumb/v7-m/libcr_c.a(stdlib.o)
                              ./src/DrawLine.o (abs)
/Applications/MCUXpressoIDE_10.1.1_606/ide/tools/bin/../lib/gcc/arm-none-eabi/6.3.1/../../../../arm-none-eabi/lib/thumb/v7-m/libcr_c.a(strlen.o)
                              /Applications/MCUXpressoIDE_10.1.1_606/ide/tools/bin/../lib/gcc/arm-none-eabi/6.3.1/../../../../arm-none-eabi/lib/thumb/v7-m/libcr_c.a(printf.o) (strlen)
/Applications/MCUXpressoIDE_10.1.1_606/ide/tools/bin/../lib/gcc/arm-none-eabi/6.3.1/../../../../arm-none-eabi/lib/thumb/v7-m/libcr_c.a(memset.o)
                              /Applications/MCUXpressoIDE_10.1.1_606/ide/tools/bin/../lib/gcc/arm-none-eabi/6.3.1/../../../../arm-none-eabi/lib/thumb/v7-m/libcr_c.a(fpprintf.o) (memset)
/Applications/MCUXpressoIDE_10.1.1_606/ide/tools/bin/../lib/gcc/arm-none-eabi/6.3.1/../../../../arm-none-eabi/lib/thumb/v7-m/libcr_c.a(_deferredlazyseek.o)
                              /Applications/MCUXpressoIDE_10.1.1_606/ide/tools/bin/../lib/gcc/arm-none-eabi/6.3.1/../../../../arm-none-eabi/lib/thumb/v7-m/libcr_c.a(fpprintf.o) (__flsbuf)
/Applications/MCUXpressoIDE_10.1.1_606/ide/tools/bin/../lib/gcc/arm-none-eabi/6.3.1/../../../../arm-none-eabi/lib/thumb/v7-m/libcr_c.a(_fdopen.o)
                              /Applications/MCUXpressoIDE_10.1.1_606/ide/tools/bin/../lib/gcc/arm-none-eabi/6.3.1/../../../../arm-none-eabi/lib/thumb/v7-m/libcr_c.a(initio.o) (_fdopen)
/Applications/MCUXpressoIDE_10.1.1_606/ide/tools/bin/../lib/gcc/arm-none-eabi/6.3.1/../../../../arm-none-eabi/lib/thumb/v7-m/libcr_c.a(_fflush.o)
                              /Applications/MCUXpressoIDE_10.1.1_606/ide/tools/bin/../lib/gcc/arm-none-eabi/6.3.1/../../../../arm-none-eabi/lib/thumb/v7-m/libcr_c.a(_deferredlazyseek.o) (_fflush)
/Applications/MCUXpressoIDE_10.1.1_606/ide/tools/bin/../lib/gcc/arm-none-eabi/6.3.1/../../../../arm-none-eabi/lib/thumb/v7-m/libcr_c.a(_frexpl.o)
                              /Applications/MCUXpressoIDE_10.1.1_606/ide/tools/bin/../lib/gcc/arm-none-eabi/6.3.1/../../../../arm-none-eabi/lib/thumb/v7-m/libcr_c.a(fpprintf.o) (_frexpl)
/Applications/MCUXpressoIDE_10.1.1_606/ide/tools/bin/../lib/gcc/arm-none-eabi/6.3.1/../../../../arm-none-eabi/lib/thumb/v7-m/libcr_c.a(_ldexpl.o)
                              /Applications/MCUXpressoIDE_10.1.1_606/ide/tools/bin/../lib/gcc/arm-none-eabi/6.3.1/../../../../arm-none-eabi/lib/thumb/v7-m/libcr_c.a(fpprintf.o) (_ldexpl)
/Applications/MCUXpressoIDE_10.1.1_606/ide/tools/bin/../lib/gcc/arm-none-eabi/6.3.1/../../../../arm-none-eabi/lib/thumb/v7-m/libcr_c.a(_writebuf.o)
                              /Applications/MCUXpressoIDE_10.1.1_606/ide/tools/bin/../lib/gcc/arm-none-eabi/6.3.1/../../../../arm-none-eabi/lib/thumb/v7-m/libcr_c.a(_deferredlazyseek.o) (_Cwritebuf)
/Applications/MCUXpressoIDE_10.1.1_606/ide/tools/bin/../lib/gcc/arm-none-eabi/6.3.1/../../../../arm-none-eabi/lib/thumb/v7-m/libcr_c.a(alloc.o)
[...]
Memory Configuration

Name             Origin             Length             Attributes
MFlash512        0x0000000000000000 0x0000000000080000 xr
RamLoc32         0x0000000010000000 0x0000000000008000 xrw
RamAHB32         0x000000002007c000 0x0000000000008000 xrw
*default*        0x0000000000000000 0xffffffffffffffff

Linker script and memory map

LOAD ./src/DrawLine.o
LOAD ./src/cr_startup_lpc175x_6x.o
LOAD ./src/crp.o
LOAD ./src/ssp.o
LOAD /Users/Ran/Documents/MCUXpressoIDE_10.1.1/workspace/CMSIS_CORE_LPC17xx/Debug/libCMSIS_CORE_LPC17xx.a
START GROUP
LOAD /Applications/MCUXpressoIDE_10.1.1_606/ide/tools/bin/../lib/gcc/arm-none-eabi/6.3.1/../../../../arm-none-eabi/lib/thumb/v7-m/libcr_semihost.a
LOAD /Applications/MCUXpressoIDE_10.1.1_606/ide/tools/bin/../lib/gcc/arm-none-eabi/6.3.1/../../../../arm-none-eabi/lib/thumb/v7-m/libcr_c.a
LOAD /Applications/MCUXpressoIDE_10.1.1_606/ide/tools/bin/../lib/gcc/arm-none-eabi/6.3.1/thumb/v7-m/libcr_eabihelpers.a
END GROUP
                0x0000000000000000                __base_MFlash512 = 0x0
                0x0000000000000000                __base_Flash = 0x0
                0x0000000000080000                __top_MFlash512 = 0x80000
                0x0000000000080000                __top_Flash = 0x80000
                0x0000000010000000                __base_RamLoc32 = 0x10000000
                0x0000000010000000                __base_RAM = 0x10000000
                0x0000000010008000                __top_RamLoc32 = 0x10008000
                0x0000000010008000                __top_RAM = 0x10008000
                0x000000002007c000                __base_RamAHB32 = 0x2007c000
                0x000000002007c000                __base_RAM2 = 0x2007c000
                0x0000000020084000                __top_RamAHB32 = 0x20084000
                0x0000000020084000                __top_RAM2 = 0x20084000

.text           0x0000000000000000     0x32b4
 FILL mask 0xff
                0x0000000000000000                __vectors_start__ = ABSOLUTE (.)
 *(.isr_vector)
 .isr_vector    0x0000000000000000       0xcc ./src/cr_startup_lpc175x_6x.o
                0x0000000000000000                g_pfnVectors
                0x00000000000000cc                . = ALIGN (0x4)
                0x00000000000000cc                __section_table_start = .
                0x00000000000000cc                __data_section_table = .
                0x00000000000000cc        0x4 LONG 0x32b4 LOADADDR (.data)
                0x00000000000000d0        0x4 LONG 0x10000000 ADDR (.data)
                0x00000000000000d4        0x4 LONG 0x8 SIZEOF (.data)
                0x00000000000000d8        0x4 LONG 0x32b4 LOADADDR (.data_RAM2)
                0x00000000000000dc        0x4 LONG 0x2007c000 ADDR (.data_RAM2)
                0x00000000000000e0        0x4 LONG 0x0 SIZEOF (.data_RAM2)
                0x00000000000000e4                __data_section_table_end = .
                0x00000000000000e4                __bss_section_table = .
                0x00000000000000e4        0x4 LONG 0x10000008 ADDR (.bss)
                0x00000000000000e8        0x4 LONG 0x224 SIZEOF (.bss)
                0x00000000000000ec        0x4 LONG 0x2007c000 ADDR (.bss_RAM2)
                0x00000000000000f0        0x4 LONG 0x0 SIZEOF (.bss_RAM2)
                0x00000000000000f4                __bss_section_table_end = .
                0x00000000000000f4                __section_table_end = .
 *(.after_vectors*)
 .after_vectors
                0x00000000000000f4      0x12c ./src/cr_startup_lpc175x_6x.o
                0x00000000000000f4                data_init
                0x0000000000000136                bss_init
                0x000000000000016c                ResetISR
                0x00000000000001e4                NMI_Handler
                0x00000000000001ea                HardFault_Handler
                0x00000000000001f0                MemManage_Handler
                0x00000000000001f6                BusFault_Handler
                0x00000000000001fc                UsageFault_Handler
                0x0000000000000202                SVC_Handler
                0x0000000000000208                DebugMon_Handler
                0x000000000000020e                PendSV_Handler
                0x0000000000000214                SysTick_Handler
                0x000000000000021a                UART1_IRQHandler
                0x000000000000021a                EINT3_IRQHandler
                0x000000000000021a                CANActivity_IRQHandler
                0x000000000000021a                TIMER3_IRQHandler
                0x000000000000021a                UART0_IRQHandler
                0x000000000000021a                USBActivity_IRQHandler
                0x000000000000021a                TIMER2_IRQHandler
                0x000000000000021a                IntDefaultHandler
                0x000000000000021a                PLL0_IRQHandler
                0x000000000000021a                CAN_IRQHandler
                0x000000000000021a                PLL1_IRQHandler
                0x000000000000021a                I2S_IRQHandler
                0x000000000000021a                I2C2_IRQHandler
                0x000000000000021a                RTC_IRQHandler
                0x000000000000021a                TIMER0_IRQHandler
                0x000000000000021a                SPI_IRQHandler
                0x000000000000021a                EINT1_IRQHandler
                0x000000000000021a                TIMER1_IRQHandler
                0x000000000000021a                UART2_IRQHandler
                0x000000000000021a                ADC_IRQHandler
                0x000000000000021a                USB_IRQHandler
                0x000000000000021a                BOD_IRQHandler
                0x000000000000021a                I2C0_IRQHandler
                0x000000000000021a                WDT_IRQHandler
                0x000000000000021a                QEI_IRQHandler
                0x000000000000021a                EINT0_IRQHandler
                0x000000000000021a                RIT_IRQHandler
                0x000000000000021a                DMA_IRQHandler
                0x000000000000021a                UART3_IRQHandler
                0x000000000000021a                MCPWM_IRQHandler
                0x000000000000021a                ENET_IRQHandler
                0x000000000000021a                PWM1_IRQHandler
                0x000000000000021a                I2C1_IRQHandler
                0x000000000000021a                EINT2_IRQHandler
                0x00000000000002fc                . = 0x2fc
 *fill*         0x0000000000000220       0xdc ff
                0x00000000000002fc                PROVIDE (__CRP_WORD_START__, .)
 *(.crp)
 .crp           0x00000000000002fc        0x4 ./src/crp.o
                0x00000000000002fc                CRP_WORD
                0x0000000000000300                PROVIDE (__CRP_WORD_END__, .)
                0x0000000000000001                ASSERT (! ((__CRP_WORD_START__ == __CRP_WORD_END__)), Linker CRP Enabled, but no CRP_WORD provided within application)
 *(.text*)
 .text.spiwrite
                0x0000000000000300       0x40 ./src/DrawLine.o
                0x0000000000000300                spiwrite
 .text.writecommand
                0x0000000000000340       0x2c ./src/DrawLine.o
                0x0000000000000340                writecommand
 .text.writedata
                0x000000000000036c       0x2c ./src/DrawLine.o
                0x000000000000036c                writedata
 .text.writeword
                0x0000000000000398       0x2e ./src/DrawLine.o
                0x0000000000000398                writeword
 .text.write888
                0x00000000000003c6       0x4e ./src/DrawLine.o
                0x00000000000003c6                write888
 .text.setAddrWindow
                0x0000000000000414       0x52 ./src/DrawLine.o
                0x0000000000000414                setAddrWindow
 .text.fillrect
                0x0000000000000466       0x68 ./src/DrawLine.o
                0x0000000000000466                fillrect
 .text.lcddelay
                0x00000000000004ce       0x2e ./src/DrawLine.o
                0x00000000000004ce                lcddelay
 .text.lcd_init
                0x00000000000004fc       0xc4 ./src/DrawLine.o
                0x00000000000004fc                lcd_init
 .text.drawPixel
                0x00000000000005c0       0x6c ./src/DrawLine.o
                0x00000000000005c0                drawPixel
 .text.drawLine
                0x000000000000062c      0x18e ./src/DrawLine.o
                0x000000000000062c                drawLine
 *fill*         0x00000000000007ba        0x2 ff
 .text.main     0x00000000000007bc       0x74 ./src/DrawLine.o
                0x00000000000007bc                main
 .text.NVIC_EnableIRQ
                0x0000000000000830       0x30 ./src/ssp.o
 .text.SSP0_IRQHandler
                0x0000000000000860       0x70 ./src/ssp.o
                0x0000000000000860                SSP0_IRQHandler
 .text.SSP1_IRQHandler
                0x00000000000008d0       0x70 ./src/ssp.o
                0x00000000000008d0                SSP1_IRQHandler
 .text.SSP_SSELToggle
                0x0000000000000940       0x68 ./src/ssp.o
                0x0000000000000940                SSP_SSELToggle
 .text.SSP0Init
                0x00000000000009a8       0xc0 ./src/ssp.o
                0x00000000000009a8                SSP0Init
 .text.SSPSend  0x0000000000000a68       0xa0 ./src/ssp.o
                0x0000000000000a68                SSPSend
 .text.SystemInit
                0x0000000000000b08       0xdc /Users/Ran/Documents/MCUXpressoIDE_10.1.1/workspace/CMSIS_CORE_LPC17xx/Debug/libCMSIS_CORE_LPC17xx.a(system_LPC17xx.o)
                0x0000000000000b08                SystemInit
 .text.__main   0x0000000000000be4        0xe /Applications/MCUXpressoIDE_10.1.1_606/ide/tools/bin/../lib/gcc/arm-none-eabi/6.3.1/../../../../arm-none-eabi/lib/thumb/v7-m/libcr_semihost.a(_cr__main.o)
                0x0000000000000be4                __main
                0x0000000000000be4                __CR_SEMIHOST
 .text.fp_round
                0x0000000000000bf2       0x4c /Applications/MCUXpressoIDE_10.1.1_606/ide/tools/bin/../lib/gcc/arm-none-eabi/6.3.1/../../../../arm-none-eabi/lib/thumb/v7-m/libcr_c.a(fpprintf.o)
 .text.pr_dec.constprop.1
                0x0000000000000c3e       0x26 /Applications/MCUXpressoIDE_10.1.1_606/ide/tools/bin/../lib/gcc/arm-none-eabi/6.3.1/../../../../arm-none-eabi/lib/thumb/v7-m/libcr_c.a(fpprintf.o)
 .text.sprintf  0x0000000000000c64       0x6c /Applications/MCUXpressoIDE_10.1.1_606/ide/tools/bin/../lib/gcc/arm-none-eabi/6.3.1/../../../../arm-none-eabi/lib/thumb/v7-m/libcr_c.a(fpprintf.o)
                0x0000000000000c64                sprintf
 .text.fp_display
                0x0000000000000cd0      0x95c /Applications/MCUXpressoIDE_10.1.1_606/ide/tools/bin/../lib/gcc/arm-none-eabi/6.3.1/../../../../arm-none-eabi/lib/thumb/v7-m/libcr_c.a(fpprintf.o)
 .text.vsnprintf
                0x000000000000162c       0x5c /Applications/MCUXpressoIDE_10.1.1_606/ide/tools/bin/../lib/gcc/arm-none-eabi/6.3.1/../../../../arm-none-eabi/lib/thumb/v7-m/libcr_c.a(fpprintf.o)
                0x000000000000162c                vsnprintf
 .text.printf   0x0000000000001688       0x54 /Applications/MCUXpressoIDE_10.1.1_606/ide/tools/bin/../lib/gcc/arm-none-eabi/6.3.1/../../../../arm-none-eabi/lib/thumb/v7-m/libcr_c.a(fpprintf.o)
                0x0000000000001688                printf
 .text._initio  0x00000000000016dc       0x78 /Applications/MCUXpressoIDE_10.1.1_606/ide/tools/bin/../lib/gcc/arm-none-eabi/6.3.1/../../../../arm-none-eabi/lib/thumb/v7-m/libcr_c.a(initio.o)
                0x00000000000016dc                _initio
 .text.__vfprintf
                0x0000000000001754      0xb68 /Applications/MCUXpressoIDE_10.1.1_606/ide/tools/bin/../lib/gcc/arm-none-eabi/6.3.1/../../../../arm-none-eabi/lib/thumb/v7-m/libcr_c.a(printf.o)
                0x0000000000001754                __vfprintf
 .text.puts     0x00000000000022bc       0x34 /Applications/MCUXpressoIDE_10.1.1_606/ide/tools/bin/../lib/gcc/arm-none-eabi/6.3.1/../../../../arm-none-eabi/lib/thumb/v7-m/libcr_c.a(puts.o)
                0x00000000000022bc                puts
 .text.setvbuf  0x00000000000022f0       0x40 /Applications/MCUXpressoIDE_10.1.1_606/ide/tools/bin/../lib/gcc/arm-none-eabi/6.3.1/../../../../arm-none-eabi/lib/thumb/v7-m/libcr_c.a(setvbuf.o)
                0x00000000000022f0                setvbuf
 .text.abs      0x0000000000002330        0x8 /Applications/MCUXpressoIDE_10.1.1_606/ide/tools/bin/../lib/gcc/arm-none-eabi/6.3.1/../../../../arm-none-eabi/lib/thumb/v7-m/libcr_c.a(stdlib.o)
                0x0000000000002330                abs
 .text.strlen   0x0000000000002338       0x4a /Applications/MCUXpressoIDE_10.1.1_606/ide/tools/bin/../lib/gcc/arm-none-eabi/6.3.1/../../../../arm-none-eabi/lib/thumb/v7-m/libcr_c.a(strlen.o)
                0x0000000000002338                strlen
 .text.memset   0x0000000000002382        0x4 /Applications/MCUXpressoIDE_10.1.1_606/ide/tools/bin/../lib/gcc/arm-none-eabi/6.3.1/../../../../arm-none-eabi/lib/thumb/v7-m/libcr_c.a(memset.o)
                0x0000000000002382                memset
 .text._deferredlazyseek
                0x0000000000002386       0x40 /Applications/MCUXpressoIDE_10.1.1_606/ide/tools/bin/../lib/gcc/arm-none-eabi/6.3.1/../../../../arm-none-eabi/lib/thumb/v7-m/libcr_c.a(_deferredlazyseek.o)
                0x0000000000002386                _deferredlazyseek
 .text.__flsbuf
                0x00000000000023c6      0x148 /Applications/MCUXpressoIDE_10.1.1_606/ide/tools/bin/../lib/gcc/arm-none-eabi/6.3.1/../../../../arm-none-eabi/lib/thumb/v7-m/libcr_c.a(_deferredlazyseek.o)
                0x00000000000023c6                __flsbuf
 .text._fdopen  0x000000000000250e       0x68 /Applications/MCUXpressoIDE_10.1.1_606/ide/tools/bin/../lib/gcc/arm-none-eabi/6.3.1/../../../../arm-none-eabi/lib/thumb/v7-m/libcr_c.a(_fdopen.o)
                0x000000000000250e                _fdopen
 .text._fflush  0x0000000000002576       0x54 /Applications/MCUXpressoIDE_10.1.1_606/ide/tools/bin/../lib/gcc/arm-none-eabi/6.3.1/../../../../arm-none-eabi/lib/thumb/v7-m/libcr_c.a(_fflush.o)
                0x0000000000002576                _fflush
 .text._frexpl  0x00000000000025ca       0x58 /Applications/MCUXpressoIDE_10.1.1_606/ide/tools/bin/../lib/gcc/arm-none-eabi/6.3.1/../../../../arm-none-eabi/lib/thumb/v7-m/libcr_c.a(_frexpl.o)
                0x00000000000025ca                _frexpl
 *fill*         0x0000000000002622        0x2 ff
 .text._ldexpl  0x0000000000002624       0x4c /Applications/MCUXpressoIDE_10.1.1_606/ide/tools/bin/../lib/gcc/arm-none-eabi/6.3.1/../../../../arm-none-eabi/lib/thumb/v7-m/libcr_c.a(_ldexpl.o)
                0x0000000000002624                _ldexpl
 .text._Cwritebuf
                0x0000000000002670       0x6c /Applications/MCUXpressoIDE_10.1.1_606/ide/tools/bin/../lib/gcc/arm-none-eabi/6.3.1/../../../../arm-none-eabi/lib/thumb/v7-m/libcr_c.a(_writebuf.o)
                0x0000000000002670                _Cwritebuf
 .text.malloc   0x00000000000026dc       0xc4 /Applications/MCUXpressoIDE_10.1.1_606/ide/tools/bin/../lib/gcc/arm-none-eabi/6.3.1/../../../../arm-none-eabi/lib/thumb/v7-m/libcr_c.a(alloc.o)
                0x00000000000026dc                malloc
 .text.free     0x00000000000027a0       0x30 /Applications/MCUXpressoIDE_10.1.1_606/ide/tools/bin/../lib/gcc/arm-none-eabi/6.3.1/../../../../arm-none-eabi/lib/thumb/v7-m/libcr_c.a(alloc.o)
                0x00000000000027a0                free
 .text._Csys_alloc
                0x00000000000027d0       0x20 /Applications/MCUXpressoIDE_10.1.1_606/ide/tools/bin/../lib/gcc/arm-none-eabi/6.3.1/../../../../arm-none-eabi/lib/thumb/v7-m/libcr_c.a(alloc.o)
                0x00000000000027d0                _Csys_alloc
 .text.fclose   0x00000000000027f0       0x58 /Applications/MCUXpressoIDE_10.1.1_606/ide/tools/bin/../lib/gcc/arm-none-eabi/6.3.1/../../../../arm-none-eabi/lib/thumb/v7-m/libcr_c.a(fclose.o)
                0x00000000000027f0                fclose
 .text.fflush   0x0000000000002848       0x44 /Applications/MCUXpressoIDE_10.1.1_606/ide/tools/bin/../lib/gcc/arm-none-eabi/6.3.1/../../../../arm-none-eabi/lib/thumb/v7-m/libcr_c.a(fflush.o)
                0x0000000000002848                fflush
 .text.fseek    0x000000000000288c      0x100 /Applications/MCUXpressoIDE_10.1.1_606/ide/tools/bin/../lib/gcc/arm-none-eabi/6.3.1/../../../../arm-none-eabi/lib/thumb/v7-m/libcr_c.a(fseek.o)
                0x000000000000288c                fseek
 .text.ftell    0x000000000000298c       0x48 /Applications/MCUXpressoIDE_10.1.1_606/ide/tools/bin/../lib/gcc/arm-none-eabi/6.3.1/../../../../arm-none-eabi/lib/thumb/v7-m/libcr_c.a(ftell.o)
                0x000000000000298c                ftell
 .text.remove   0x00000000000029d4       0x14 /Applications/MCUXpressoIDE_10.1.1_606/ide/tools/bin/../lib/gcc/arm-none-eabi/6.3.1/../../../../arm-none-eabi/lib/thumb/v7-m/libcr_c.a(remove.o)
                0x00000000000029d4                remove
 .text._sbrk    0x00000000000029e8       0x3c /Applications/MCUXpressoIDE_10.1.1_606/ide/tools/bin/../lib/gcc/arm-none-eabi/6.3.1/../../../../arm-none-eabi/lib/thumb/v7-m/libcr_c.a(_cr_sbrk.o)
                0x00000000000029e8                _sbrk
 .text._do_fflush
                0x0000000000002a24       0x40 /Applications/MCUXpressoIDE_10.1.1_606/ide/tools/bin/../lib/gcc/arm-none-eabi/6.3.1/../../../../arm-none-eabi/lib/thumb/v7-m/libcr_c.a(_do_fflush.o)
                0x0000000000002a24                _do_fflush
 .text.__check_heap_overflow
                0x0000000000002a64       0x18 /Applications/MCUXpressoIDE_10.1.1_606/ide/tools/bin/../lib/gcc/arm-none-eabi/6.3.1/../../../../arm-none-eabi/lib/thumb/v7-m/libcr_c.a(_cr_check_heap.o)
                0x0000000000002a64                __check_heap_overflow
 .text.__aeabi_dmul
                0x0000000000002a7c      0x10c /Applications/MCUXpressoIDE_10.1.1_606/ide/tools/bin/../lib/gcc/arm-none-eabi/6.3.1/thumb/v7-m/libcr_eabihelpers.a(double.o)
                0x0000000000002a7c                __aeabi_dmul
 .text.__aeabi_ddiv
                0x0000000000002b88      0x134 /Applications/MCUXpressoIDE_10.1.1_606/ide/tools/bin/../lib/gcc/arm-none-eabi/6.3.1/thumb/v7-m/libcr_eabihelpers.a(double.o)
                0x0000000000002b88                __aeabi_ddiv
 .text.__aeabi_dsub
                0x0000000000002cbc      0x1dc /Applications/MCUXpressoIDE_10.1.1_606/ide/tools/bin/../lib/gcc/arm-none-eabi/6.3.1/thumb/v7-m/libcr_eabihelpers.a(double.o)
                0x0000000000002cbc                __aeabi_dsub
 .text.__aeabi_dadd
                0x0000000000002e98      0x10c /Applications/MCUXpressoIDE_10.1.1_606/ide/tools/bin/../lib/gcc/arm-none-eabi/6.3.1/thumb/v7-m/libcr_eabihelpers.a(double.o)
                0x0000000000002e98                __aeabi_dadd
 .text.__aeabi_d2iz
                0x0000000000002fa4       0x40 /Applications/MCUXpressoIDE_10.1.1_606/ide/tools/bin/../lib/gcc/arm-none-eabi/6.3.1/thumb/v7-m/libcr_eabihelpers.a(double.o)
                0x0000000000002fa4                __aeabi_d2iz
 .text.__bhs_ui2d
                0x0000000000002fe4       0x46 /Applications/MCUXpressoIDE_10.1.1_606/ide/tools/bin/../lib/gcc/arm-none-eabi/6.3.1/thumb/v7-m/libcr_eabihelpers.a(double.o)
                0x0000000000002fe4                __bhs_ui2d
 .text.__aeabi_i2d
                0x000000000000302a       0x12 /Applications/MCUXpressoIDE_10.1.1_606/ide/tools/bin/../lib/gcc/arm-none-eabi/6.3.1/thumb/v7-m/libcr_eabihelpers.a(double.o)
                0x000000000000302a                __aeabi_i2d
 .text.__aeabi_dcmpeq
                0x000000000000303c       0x2c /Applications/MCUXpressoIDE_10.1.1_606/ide/tools/bin/../lib/gcc/arm-none-eabi/6.3.1/thumb/v7-m/libcr_eabihelpers.a(double.o)
                0x000000000000303c                __aeabi_dcmpeq
 .text.__aeabi_dcmplt
                0x0000000000003068       0x54 /Applications/MCUXpressoIDE_10.1.1_606/ide/tools/bin/../lib/gcc/arm-none-eabi/6.3.1/thumb/v7-m/libcr_eabihelpers.a(double.o)
                0x0000000000003068                __aeabi_dcmplt
 .text.__aeabi_dcmple
                0x00000000000030bc       0x54 /Applications/MCUXpressoIDE_10.1.1_606/ide/tools/bin/../lib/gcc/arm-none-eabi/6.3.1/thumb/v7-m/libcr_eabihelpers.a(double.o)
                0x00000000000030bc                __aeabi_dcmple
 .text.__aeabi_dcmpge
                0x0000000000003110       0x54 /Applications/MCUXpressoIDE_10.1.1_606/ide/tools/bin/../lib/gcc/arm-none-eabi/6.3.1/thumb/v7-m/libcr_eabihelpers.a(double.o)
                0x0000000000003110                __aeabi_dcmpge
 .text.__aeabi_memset_lowlevel
                0x0000000000003164       0x32 /Applications/MCUXpressoIDE_10.1.1_606/ide/tools/bin/../lib/gcc/arm-none-eabi/6.3.1/thumb/v7-m/libcr_eabihelpers.a(memcpy.o)
                0x0000000000003164                __aeabi_lowlevel_memset
 *fill*         0x0000000000003196        0x2 ff
 .text.__sys_appexit
                0x0000000000003198        0xc /Applications/MCUXpressoIDE_10.1.1_606/ide/tools/bin/../lib/gcc/arm-none-eabi/6.3.1/../../../../arm-none-eabi/lib/thumb/v7-m/libcr_semihost.a(__sys_appexit.o)
                0x0000000000003198                __exit
                0x0000000000003198                __sys_appexit
 .text.__sys_close
                0x00000000000031a4        0xc /Applications/MCUXpressoIDE_10.1.1_606/ide/tools/bin/../lib/gcc/arm-none-eabi/6.3.1/../../../../arm-none-eabi/lib/thumb/v7-m/libcr_semihost.a(__sys_close.o)
                0x00000000000031a4                __sys_close
 .text.__sys_flen
                0x00000000000031b0        0xc /Applications/MCUXpressoIDE_10.1.1_606/ide/tools/bin/../lib/gcc/arm-none-eabi/6.3.1/../../../../arm-none-eabi/lib/thumb/v7-m/libcr_semihost.a(__sys_flen.o)
                0x00000000000031b0                __sys_flen
 .text.__sys_istty
                0x00000000000031bc        0xc /Applications/MCUXpressoIDE_10.1.1_606/ide/tools/bin/../lib/gcc/arm-none-eabi/6.3.1/../../../../arm-none-eabi/lib/thumb/v7-m/libcr_semihost.a(__sys_istty.o)
                0x00000000000031bc                __sys_istty
 .text.__sys_remove
                0x00000000000031c8        0xc /Applications/MCUXpressoIDE_10.1.1_606/ide/tools/bin/../lib/gcc/arm-none-eabi/6.3.1/../../../../arm-none-eabi/lib/thumb/v7-m/libcr_semihost.a(__sys_remove.o)
                0x00000000000031c8                __sys_remove
 .text.__sys_seek
                0x00000000000031d4        0xc /Applications/MCUXpressoIDE_10.1.1_606/ide/tools/bin/../lib/gcc/arm-none-eabi/6.3.1/../../../../arm-none-eabi/lib/thumb/v7-m/libcr_semihost.a(__sys_seek.o)
                0x00000000000031d4                __sys_seek
 .text.__sys_tmpnam
                0x00000000000031e0        0xc /Applications/MCUXpressoIDE_10.1.1_606/ide/tools/bin/../lib/gcc/arm-none-eabi/6.3.1/../../../../arm-none-eabi/lib/thumb/v7-m/libcr_semihost.a(__sys_tmpnam.o)
                0x00000000000031e0                __sys_tmpnam
 .text.__sys_write
                0x00000000000031ec        0xc /Applications/MCUXpressoIDE_10.1.1_606/ide/tools/bin/../lib/gcc/arm-none-eabi/6.3.1/../../../../arm-none-eabi/lib/thumb/v7-m/libcr_semihost.a(__sys_write.o)
                0x00000000000031ec                __sys_write
 *(.rodata .rodata.* .constdata .constdata.*)
 .rodata        0x00000000000031f8       0x2f ./src/DrawLine.o
 .rodata.fp_display.str1.1
                0x0000000000003227       0x34 /Applications/MCUXpressoIDE_10.1.1_606/ide/tools/bin/../lib/gcc/arm-none-eabi/6.3.1/../../../../arm-none-eabi/lib/thumb/v7-m/libcr_c.a(fpprintf.o)
                                         0x35 (size before relaxing)
 .rodata._initio.str1.1
                0x000000000000325b        0x4 /Applications/MCUXpressoIDE_10.1.1_606/ide/tools/bin/../lib/gcc/arm-none-eabi/6.3.1/../../../../arm-none-eabi/lib/thumb/v7-m/libcr_c.a(initio.o)
 .rodata.__vfprintf.str1.1
                0x000000000000325f       0x31 /Applications/MCUXpressoIDE_10.1.1_606/ide/tools/bin/../lib/gcc/arm-none-eabi/6.3.1/../../../../arm-none-eabi/lib/thumb/v7-m/libcr_c.a(printf.o)
                                         0x38 (size before relaxing)
 .rodata.puts.str1.1
                0x0000000000003290       0x31 /Applications/MCUXpressoIDE_10.1.1_606/ide/tools/bin/../lib/gcc/arm-none-eabi/6.3.1/../../../../arm-none-eabi/lib/thumb/v7-m/libcr_c.a(puts.o)
                                          0x2 (size before relaxing)
 .rodata._Csys_alloc.str1.1
                0x0000000000003290       0x18 /Applications/MCUXpressoIDE_10.1.1_606/ide/tools/bin/../lib/gcc/arm-none-eabi/6.3.1/../../../../arm-none-eabi/lib/thumb/v7-m/libcr_c.a(alloc.o)
 .rodata.__huge_vall
                0x00000000000032a8        0x8 /Applications/MCUXpressoIDE_10.1.1_606/ide/tools/bin/../lib/gcc/arm-none-eabi/6.3.1/../../../../arm-none-eabi/lib/thumb/v7-m/libcr_c.a(_hugeval.o)
                0x00000000000032a8                __huge_vall
 .rodata.__num_Ciob_streams
                0x00000000000032b0        0x4 /Applications/MCUXpressoIDE_10.1.1_606/ide/tools/bin/../lib/gcc/arm-none-eabi/6.3.1/../../../../arm-none-eabi/lib/thumb/v7-m/libcr_semihost.a(__ciob.o)
                0x00000000000032b0                __num_Ciob_streams
                0x00000000000032c4                . = ALIGN (0x4)

.glue_7         0x00000000000032b4        0x0
 .glue_7        0x00000000000032b4        0x0 linker stubs

.glue_7t        0x00000000000032b4        0x0
 .glue_7t       0x00000000000032b4        0x0 linker stubs

.vfp11_veneer   0x00000000000032b4        0x0
 .vfp11_veneer  0x00000000000032b4        0x0 linker stubs

.v4_bx          0x00000000000032b4        0x0
 .v4_bx         0x00000000000032b4        0x0 linker stubs

.iplt           0x00000000000032b4        0x0
 .iplt          0x00000000000032b4        0x0 ./src/DrawLine.o

.rel.dyn        0x00000000000032b4        0x0
 .rel.iplt      0x00000000000032b4        0x0 ./src/DrawLine.o

.ARM.extab
 *(.ARM.extab* .gnu.linkonce.armextab.*)
                0x00000000000032b4                __exidx_start = .

.ARM.exidx
 *(.ARM.exidx* .gnu.linkonce.armexidx.*)
                0x00000000000032b4                __exidx_end = .
                0x00000000000032b4                _etext = .

.data_RAM2      0x000000002007c000        0x0 load address 0x00000000000032b4
 FILL mask 0xff
                [!provide]                        PROVIDE (__start_data_RAM2, .)
 *(.ramfunc.$RAM2)
 *(.ramfunc.$RamAHB32)
 *(.data.$RAM2*)
 *(.data.$RamAHB32*)
                0x000000002007c000                . = ALIGN (0x4)
                [!provide]                        PROVIDE (__end_data_RAM2, .)

.uninit_RESERVED
                0x0000000010000000        0x0
 *(.bss.$RESERVED*)
                0x0000000010000000                . = ALIGN (0x4)
                0x0000000010000000                _end_uninit_RESERVED = .

.data           0x0000000010000000        0x8 load address 0x00000000000032b4
 FILL mask 0xff
                0x0000000010000000                _data = .
 *(vtable)
 *(.ramfunc*)
 *(.data*)
 .data._height  0x0000000010000000        0x4 ./src/DrawLine.o
                0x0000000010000000                _height
 .data._width   0x0000000010000004        0x4 ./src/DrawLine.o
                0x0000000010000004                _width
                0x0000000010000008                . = ALIGN (0x4)
                0x0000000010000008                _edata = .

.igot.plt       0x0000000010000008        0x0 load address 0x00000000000032bc
 .igot.plt      0x0000000010000008        0x0 ./src/DrawLine.o

.bss_RAM2       0x000000002007c000        0x0
                [!provide]                        PROVIDE (__start_bss_RAM2, .)
 *(.bss.$RAM2*)
 *(.bss.$RamAHB32*)
                0x000000002007c000                . = ALIGN ((. != 0x0)?0x4:0x1)
                [!provide]                        PROVIDE (__end_bss_RAM2, .)

.bss            0x0000000010000008      0x224
                0x0000000010000008                _bss = .
 *(.bss*)
 .bss.src_addr  0x0000000010000008       0x10 ./src/DrawLine.o
                0x0000000010000008                src_addr
 .bss.dest_addr
                0x0000000010000018       0x10 ./src/DrawLine.o
                0x0000000010000018                dest_addr
 .bss.interrupt0RxStat
                0x0000000010000028        0x4 ./src/ssp.o
                0x0000000010000028                interrupt0RxStat
 .bss.interrupt0OverRunStat
                0x000000001000002c        0x4 ./src/ssp.o
                0x000000001000002c                interrupt0OverRunStat
 .bss.interrupt0RxTimeoutStat
                0x0000000010000030        0x4 ./src/ssp.o
                0x0000000010000030                interrupt0RxTimeoutStat
 .bss.interrupt1RxStat
                0x0000000010000034        0x4 ./src/ssp.o
                0x0000000010000034                interrupt1RxStat
 .bss.interrupt1OverRunStat
                0x0000000010000038        0x4 ./src/ssp.o
                0x0000000010000038                interrupt1OverRunStat
 .bss.interrupt1RxTimeoutStat
                0x000000001000003c        0x4 ./src/ssp.o
                0x000000001000003c                interrupt1RxTimeoutStat
 .bss.errno     0x0000000010000040        0x4 /Applications/MCUXpressoIDE_10.1.1_606/ide/tools/bin/../lib/gcc/arm-none-eabi/6.3.1/../../../../arm-none-eabi/lib/thumb/v7-m/libcr_c.a(errno.o)
                0x0000000010000040                errno
 .bss.__end_of_heap
                0x0000000010000044        0x4 /Applications/MCUXpressoIDE_10.1.1_606/ide/tools/bin/../lib/gcc/arm-none-eabi/6.3.1/../../../../arm-none-eabi/lib/thumb/v7-m/libcr_c.a(__init_alloc.o)
                0x0000000010000044                __end_of_heap
 .bss.__heaps   0x0000000010000048        0x4 /Applications/MCUXpressoIDE_10.1.1_606/ide/tools/bin/../lib/gcc/arm-none-eabi/6.3.1/../../../../arm-none-eabi/lib/thumb/v7-m/libcr_c.a(__init_alloc.o)
                0x0000000010000048                __heaps
 .bss.__Ciob    0x000000001000004c      0x1e0 /Applications/MCUXpressoIDE_10.1.1_606/ide/tools/bin/../lib/gcc/arm-none-eabi/6.3.1/../../../../arm-none-eabi/lib/thumb/v7-m/libcr_semihost.a(__ciob.o)
                0x000000001000004c                __Ciob
 *(COMMON)
                0x000000001000022c                . = ALIGN (0x4)
                0x000000001000022c                _ebss = .
                [!provide]                        PROVIDE (end, .)

.noinit_RAM2    0x000000002007c000        0x0
 *(.noinit.$RAM2*)
 *(.noinit.$RamAHB32*)
                0x000000002007c000                . = ALIGN (0x4)

.noinit         0x000000001000022c        0x0
                0x000000001000022c                _noinit = .
 *(.noinit*)
                0x000000001000022c                . = ALIGN (0x4)
                0x000000001000022c                _end_noinit = .
                0x000000001000022c                PROVIDE (_pvHeapStart, DEFINED (__user_heap_base)?__user_heap_base:.)
                0x0000000010008000                PROVIDE (_vStackTop, DEFINED (__user_stack_top)?__user_stack_top:(__top_RamLoc32 - 0x0))
                0xffffffffefff74de                PROVIDE (__valid_user_code_checksum, (0x0 - ((((((_vStackTop + (ResetISR + 0x1)) + (NMI_Handler + 0x1)) + (HardFault_Handler + 0x1)) + (DEFINED (MemManage_Handler)?MemManage_Handler:0x0 + 0x1)) + (DEFINED (BusFault_Handler)?BusFault_Handler:0x0 + 0x1)) + (DEFINED (UsageFault_Handler)?UsageFault_Handler:0x0 + 0x1))))
                0x0000000000000000                _image_start = LOADADDR (.text)
                0x00000000000032bc                _image_end = (LOADADDR (.data) + SIZEOF (.data))
                0x00000000000032bc                _image_size = (_image_end - _image_start)
OUTPUT(DrawLine.axf elf32-littlearm)

.debug_info     0x0000000000000000     0x1b03
 .debug_info    0x0000000000000000      0x89e ./src/DrawLine.o
 .debug_info    0x000000000000089e      0x25c ./src/cr_startup_lpc175x_6x.o
 .debug_info    0x0000000000000afa       0x3f ./src/crp.o
 .debug_info    0x0000000000000b39      0xc76 ./src/ssp.o
 .debug_info    0x00000000000017af      0x354 /Users/Ran/Documents/MCUXpressoIDE_10.1.1/workspace/CMSIS_CORE_LPC17xx/Debug/libCMSIS_CORE_LPC17xx.a(system_LPC17xx.o)

.debug_abbrev   0x0000000000000000      0x6f3
 .debug_abbrev  0x0000000000000000      0x216 ./src/DrawLine.o
 .debug_abbrev  0x0000000000000216      0x114 ./src/cr_startup_lpc175x_6x.o
 .debug_abbrev  0x000000000000032a       0x36 ./src/crp.o
 .debug_abbrev  0x0000000000000360      0x28b ./src/ssp.o
 .debug_abbrev  0x00000000000005eb      0x108 /Users/Ran/Documents/MCUXpressoIDE_10.1.1/workspace/CMSIS_CORE_LPC17xx/Debug/libCMSIS_CORE_LPC17xx.a(system_LPC17xx.o)

.debug_aranges  0x0000000000000000      0x198
 .debug_aranges
                0x0000000000000000       0x78 ./src/DrawLine.o
 .debug_aranges
                0x0000000000000078       0x80 ./src/cr_startup_lpc175x_6x.o
 .debug_aranges
                0x00000000000000f8       0x18 ./src/crp.o
 .debug_aranges
                0x0000000000000110       0x60 ./src/ssp.o
 .debug_aranges
                0x0000000000000170       0x28 /Users/Ran/Documents/MCUXpressoIDE_10.1.1/workspace/CMSIS_CORE_LPC17xx/Debug/libCMSIS_CORE_LPC17xx.a(system_LPC17xx.o)

.debug_ranges   0x0000000000000000      0x140
 .debug_ranges  0x0000000000000000       0x68 ./src/DrawLine.o
 .debug_ranges  0x0000000000000068       0x70 ./src/cr_startup_lpc175x_6x.o
 .debug_ranges  0x00000000000000d8       0x50 ./src/ssp.o
 .debug_ranges  0x0000000000000128       0x18 /Users/Ran/Documents/MCUXpressoIDE_10.1.1/workspace/CMSIS_CORE_LPC17xx/Debug/libCMSIS_CORE_LPC17xx.a(system_LPC17xx.o)

.debug_macro    0x0000000000000000     0x2def
 .debug_macro   0x0000000000000000      0x13c ./src/DrawLine.o
 .debug_macro   0x000000000000013c      0x8c8 ./src/DrawLine.o
 .debug_macro   0x0000000000000a04       0x82 ./src/DrawLine.o
 .debug_macro   0x0000000000000a86       0x34 ./src/DrawLine.o
 .debug_macro   0x0000000000000aba       0x1c ./src/DrawLine.o
 .debug_macro   0x0000000000000ad6       0x3a ./src/DrawLine.o
 .debug_macro   0x0000000000000b10       0x10 ./src/DrawLine.o
 .debug_macro   0x0000000000000b20      0x12d ./src/DrawLine.o
 .debug_macro   0x0000000000000c4d      0x5b2 ./src/DrawLine.o
 .debug_macro   0x00000000000011ff       0x2d ./src/DrawLine.o
 .debug_macro   0x000000000000122c      0xbb1 ./src/DrawLine.o
 .debug_macro   0x0000000000001ddd      0x2c7 ./src/DrawLine.o
 .debug_macro   0x00000000000020a4      0x118 ./src/DrawLine.o
 .debug_macro   0x00000000000021bc       0x28 ./src/DrawLine.o
 .debug_macro   0x00000000000021e4       0x9a ./src/DrawLine.o
 .debug_macro   0x000000000000227e       0xc4 ./src/DrawLine.o
 .debug_macro   0x0000000000002342       0x1d ./src/cr_startup_lpc175x_6x.o
 .debug_macro   0x000000000000235f       0x1a ./src/crp.o
 .debug_macro   0x0000000000002379       0x81 ./src/ssp.o
 .debug_macro   0x00000000000023fa      0x12d /Users/Ran/Documents/MCUXpressoIDE_10.1.1/workspace/CMSIS_CORE_LPC17xx/Debug/libCMSIS_CORE_LPC17xx.a(system_LPC17xx.o)
 .debug_macro   0x0000000000002527      0x8c8 /Users/Ran/Documents/MCUXpressoIDE_10.1.1/workspace/CMSIS_CORE_LPC17xx/Debug/libCMSIS_CORE_LPC17xx.a(system_LPC17xx.o)

.debug_line     0x0000000000000000      0xa85
 .debug_line    0x0000000000000000      0x3ef ./src/DrawLine.o
 .debug_line    0x00000000000003ef       0xd3 ./src/cr_startup_lpc175x_6x.o
 .debug_line    0x00000000000004c2       0x7c ./src/crp.o
 .debug_line    0x000000000000053e      0x318 ./src/ssp.o
 .debug_line    0x0000000000000856      0x22f /Users/Ran/Documents/MCUXpressoIDE_10.1.1/workspace/CMSIS_CORE_LPC17xx/Debug/libCMSIS_CORE_LPC17xx.a(system_LPC17xx.o)

.debug_str      0x0000000000000000     0xb4e2
 .debug_str     0x0000000000000000     0xa93e ./src/DrawLine.o
                                       0xaa09 (size before relaxing)
 .debug_str     0x000000000000a93e      0x1d6 ./src/cr_startup_lpc175x_6x.o
                                       0x2775 (size before relaxing)
 .debug_str     0x000000000000ab14       0x16 ./src/crp.o
                                       0x2679 (size before relaxing)
 .debug_str     0x000000000000ab2a      0x5bb ./src/ssp.o
                                       0xa007 (size before relaxing)
 .debug_str     0x000000000000b0e5      0x3fd /Users/Ran/Documents/MCUXpressoIDE_10.1.1/workspace/CMSIS_CORE_LPC17xx/Debug/libCMSIS_CORE_LPC17xx.a(system_LPC17xx.o)
                                       0x99fa (size before relaxing)

.comment        0x0000000000000000       0x7f
 .comment       0x0000000000000000       0x7f ./src/DrawLine.o
                                         0x80 (size before relaxing)
 .comment       0x000000000000007f       0x80 ./src/cr_startup_lpc175x_6x.o
 .comment       0x000000000000007f       0x80 ./src/crp.o
 .comment       0x000000000000007f       0x80 ./src/ssp.o
 .comment       0x000000000000007f       0x80 /Users/Ran/Documents/MCUXpressoIDE_10.1.1/workspace/CMSIS_CORE_LPC17xx/Debug/libCMSIS_CORE_LPC17xx.a(system_LPC17xx.o)
 .comment       0x000000000000007f       0x80 /Applications/MCUXpressoIDE_10.1.1_606/ide/tools/bin/../lib/gcc/arm-none-eabi/6.3.1/../../../../arm-none-eabi/lib/thumb/v7-m/libcr_semihost.a(_cr__main.o)
 .comment       0x000000000000007f       0x80 /Applications/MCUXpressoIDE_10.1.1_606/ide/tools/bin/../lib/gcc/arm-none-eabi/6.3.1/../../../../arm-none-eabi/lib/thumb/v7-m/libcr_c.a(fpprintf.o)
 .comment       0x000000000000007f       0x80 /Applications/MCUXpressoIDE_10.1.1_606/ide/tools/bin/../lib/gcc/arm-none-eabi/6.3.1/../../../../arm-none-eabi/lib/thumb/v7-m/libcr_c.a(initio.o)
 .comment       0x000000000000007f       0x80 /Applications/MCUXpressoIDE_10.1.1_606/ide/tools/bin/../lib/gcc/arm-none-eabi/6.3.1/../../../../arm-none-eabi/lib/thumb/v7-m/libcr_c.a(printf.o)
 .comment       0x000000000000007f       0x80 /Applications/MCUXpressoIDE_10.1.1_606/ide/tools/bin/../lib/gcc/arm-none-eabi/6.3.1/../../../../arm-none-eabi/lib/thumb/v7-m/libcr_c.a(puts.o)
 .comment       0x000000000000007f       0x80 /Applications/MCUXpressoIDE_10.1.1_606/ide/tools/bin/../lib/gcc/arm-none-eabi/6.3.1/../../../../arm-none-eabi/lib/thumb/v7-m/libcr_c.a(setvbuf.o)
 .comment       0x000000000000007f       0x80 /Applications/MCUXpressoIDE_10.1.1_606/ide/tools/bin/../lib/gcc/arm-none-eabi/6.3.1/../../../../arm-none-eabi/lib/thumb/v7-m/libcr_c.a(stdlib.o)
 .comment       0x000000000000007f       0x80 /Applications/MCUXpressoIDE_10.1.1_606/ide/tools/bin/../lib/gcc/arm-none-eabi/6.3.1/../../../../arm-none-eabi/lib/thumb/v7-m/libcr_c.a(strlen.o)
 .comment       0x000000000000007f       0x80 /Applications/MCUXpressoIDE_10.1.1_606/ide/tools/bin/../lib/gcc/arm-none-eabi/6.3.1/../../../../arm-none-eabi/lib/thumb/v7-m/libcr_c.a(memset.o)
 .comment       0x000000000000007f       0x80 /Applications/MCUXpressoIDE_10.1.1_606/ide/tools/bin/../lib/gcc/arm-none-eabi/6.3.1/../../../../arm-none-eabi/lib/thumb/v7-m/libcr_c.a(_deferredlazyseek.o)
 .comment       0x000000000000007f       0x80 /Applications/MCUXpressoIDE_10.1.1_606/ide/tools/bin/../lib/gcc/arm-none-eabi/6.3.1/../../../../arm-none-eabi/lib/thumb/v7-m/libcr_c.a(_fdopen.o)
 .comment       0x000000000000007f       0x80 /Applications/MCUXpressoIDE_10.1.1_606/ide/tools/bin/../lib/gcc/arm-none-eabi/6.3.1/../../../../arm-none-eabi/lib/thumb/v7-m/libcr_c.a(_fflush.o)
 .comment       0x000000000000007f       0x80 /Applications/MCUXpressoIDE_10.1.1_606/ide/tools/bin/../lib/gcc/arm-none-eabi/6.3.1/../../../../arm-none-eabi/lib/thumb/v7-m/libcr_c.a(_frexpl.o)
 .comment       0x000000000000007f       0x80 /Applications/MCUXpressoIDE_10.1.1_606/ide/tools/bin/../lib/gcc/arm-none-eabi/6.3.1/../../../../arm-none-eabi/lib/thumb/v7-m/libcr_c.a(_ldexpl.o)
 .comment       0x000000000000007f       0x80 /Applications/MCUXpressoIDE_10.1.1_606/ide/tools/bin/../lib/gcc/arm-none-eabi/6.3.1/../../../../arm-none-eabi/lib/thumb/v7-m/libcr_c.a(_writebuf.o)
 .comment       0x000000000000007f       0x80 /Applications/MCUXpressoIDE_10.1.1_606/ide/tools/bin/../lib/gcc/arm-none-eabi/6.3.1/../../../../arm-none-eabi/lib/thumb/v7-m/libcr_c.a(alloc.o)
 .comment       0x000000000000007f       0x80 /Applications/MCUXpressoIDE_10.1.1_606/ide/tools/bin/../lib/gcc/arm-none-eabi/6.3.1/../../../../arm-none-eabi/lib/thumb/v7-m/libcr_c.a(errno.o)
 .comment       0x000000000000007f       0x80 /Applications/MCUXpressoIDE_10.1.1_606/ide/tools/bin/../lib/gcc/arm-none-eabi/6.3.1/../../../../arm-none-eabi/lib/thumb/v7-m/libcr_c.a(fclose.o)
 .comment       0x000000000000007f       0x80 /Applications/MCUXpressoIDE_10.1.1_606/ide/tools/bin/../lib/gcc/arm-none-eabi/6.3.1/../../../../arm-none-eabi/lib/thumb/v7-m/libcr_c.a(fflush.o)
 .comment       0x000000000000007f       0x80 /Applications/MCUXpressoIDE_10.1.1_606/ide/tools/bin/../lib/gcc/arm-none-eabi/6.3.1/../../../../arm-none-eabi/lib/thumb/v7-m/libcr_c.a(fseek.o)
 .comment       0x000000000000007f       0x80 /Applications/MCUXpressoIDE_10.1.1_606/ide/tools/bin/../lib/gcc/arm-none-eabi/6.3.1/../../../../arm-none-eabi/lib/thumb/v7-m/libcr_c.a(ftell.o)
 .comment       0x000000000000007f       0x80 /Applications/MCUXpressoIDE_10.1.1_606/ide/tools/bin/../lib/gcc/arm-none-eabi/6.3.1/../../../../arm-none-eabi/lib/thumb/v7-m/libcr_c.a(remove.o)
 .comment       0x000000000000007f       0x80 /Applications/MCUXpressoIDE_10.1.1_606/ide/tools/bin/../lib/gcc/arm-none-eabi/6.3.1/../../../../arm-none-eabi/lib/thumb/v7-m/libcr_c.a(__init_alloc.o)
 .comment       0x000000000000007f       0x80 /Applications/MCUXpressoIDE_10.1.1_606/ide/tools/bin/../lib/gcc/arm-none-eabi/6.3.1/../../../../arm-none-eabi/lib/thumb/v7-m/libcr_c.a(_cr_sbrk.o)
 .comment       0x000000000000007f       0x80 /Applications/MCUXpressoIDE_10.1.1_606/ide/tools/bin/../lib/gcc/arm-none-eabi/6.3.1/../../../../arm-none-eabi/lib/thumb/v7-m/libcr_c.a(_do_fflush.o)
 .comment       0x000000000000007f       0x80 /Applications/MCUXpressoIDE_10.1.1_606/ide/tools/bin/../lib/gcc/arm-none-eabi/6.3.1/../../../../arm-none-eabi/lib/thumb/v7-m/libcr_c.a(_hugeval.o)
 .comment       0x000000000000007f       0x80 /Applications/MCUXpressoIDE_10.1.1_606/ide/tools/bin/../lib/gcc/arm-none-eabi/6.3.1/../../../../arm-none-eabi/lib/thumb/v7-m/libcr_c.a(_cr_check_heap.o)
 .comment       0x000000000000007f       0x80 /Applications/MCUXpressoIDE_10.1.1_606/ide/tools/bin/../lib/gcc/arm-none-eabi/6.3.1/thumb/v7-m/libcr_eabihelpers.a(double.o)
 .comment       0x000000000000007f       0x80 /Applications/MCUXpressoIDE_10.1.1_606/ide/tools/bin/../lib/gcc/arm-none-eabi/6.3.1/../../../../arm-none-eabi/lib/thumb/v7-m/libcr_semihost.a(__ciob.o)

.ARM.attributes
                0x0000000000000000       0x31
 .ARM.attributes
                0x0000000000000000       0x33 ./src/DrawLine.o
 .ARM.attributes
                0x0000000000000033       0x33 ./src/cr_startup_lpc175x_6x.o
 .ARM.attributes
                0x0000000000000066       0x33 ./src/crp.o
 .ARM.attributes
                0x0000000000000099       0x33 ./src/ssp.o
 .ARM.attributes
                0x00000000000000cc       0x33 /Users/Ran/Documents/MCUXpressoIDE_10.1.1/workspace/CMSIS_CORE_LPC17xx/Debug/libCMSIS_CORE_LPC17xx.a(system_LPC17xx.o)
 .ARM.attributes
                0x00000000000000ff       0x33 /Applications/MCUXpressoIDE_10.1.1_606/ide/tools/bin/../lib/gcc/arm-none-eabi/6.3.1/../../../../arm-none-eabi/lib/thumb/v7-m/libcr_semihost.a(_cr__main.o)
 .ARM.attributes
                0x0000000000000132       0x33 /Applications/MCUXpressoIDE_10.1.1_606/ide/tools/bin/../lib/gcc/arm-none-eabi/6.3.1/../../../../arm-none-eabi/lib/thumb/v7-m/libcr_c.a(fpprintf.o)
 .ARM.attributes
                0x0000000000000165       0x33 /Applications/MCUXpressoIDE_10.1.1_606/ide/tools/bin/../lib/gcc/arm-none-eabi/6.3.1/../../../../arm-none-eabi/lib/thumb/v7-m/libcr_c.a(initio.o)
 .ARM.attributes
                0x0000000000000198       0x33 /Applications/MCUXpressoIDE_10.1.1_606/ide/tools/bin/../lib/gcc/arm-none-eabi/6.3.1/../../../../arm-none-eabi/lib/thumb/v7-m/libcr_c.a(printf.o)
 .ARM.attributes
                0x00000000000001cb       0x33 /Applications/MCUXpressoIDE_10.1.1_606/ide/tools/bin/../lib/gcc/arm-none-eabi/6.3.1/../../../../arm-none-eabi/lib/thumb/v7-m/libcr_c.a(puts.o)
 .ARM.attributes
                0x00000000000001fe       0x33 /Applications/MCUXpressoIDE_10.1.1_606/ide/tools/bin/../lib/gcc/arm-none-eabi/6.3.1/../../../../arm-none-eabi/lib/thumb/v7-m/libcr_c.a(setvbuf.o)
 .ARM.attributes
                0x0000000000000231       0x33 /Applications/MCUXpressoIDE_10.1.1_606/ide/tools/bin/../lib/gcc/arm-none-eabi/6.3.1/../../../../arm-none-eabi/lib/thumb/v7-m/libcr_c.a(stdlib.o)
 .ARM.attributes
                0x0000000000000264       0x33 /Applications/MCUXpressoIDE_10.1.1_606/ide/tools/bin/../lib/gcc/arm-none-eabi/6.3.1/../../../../arm-none-eabi/lib/thumb/v7-m/libcr_c.a(strlen.o)
 .ARM.attributes
                0x0000000000000297       0x33 /Applications/MCUXpressoIDE_10.1.1_606/ide/tools/bin/../lib/gcc/arm-none-eabi/6.3.1/../../../../arm-none-eabi/lib/thumb/v7-m/libcr_c.a(memset.o)
 .ARM.attributes
                0x00000000000002ca       0x33 /Applications/MCUXpressoIDE_10.1.1_606/ide/tools/bin/../lib/gcc/arm-none-eabi/6.3.1/../../../../arm-none-eabi/lib/thumb/v7-m/libcr_c.a(_deferredlazyseek.o)
 .ARM.attributes
                0x00000000000002fd       0x33 /Applications/MCUXpressoIDE_10.1.1_606/ide/tools/bin/../lib/gcc/arm-none-eabi/6.3.1/../../../../arm-none-eabi/lib/thumb/v7-m/libcr_c.a(_fdopen.o)
 .ARM.attributes
                0x0000000000000330       0x33 /Applications/MCUXpressoIDE_10.1.1_606/ide/tools/bin/../lib/gcc/arm-none-eabi/6.3.1/../../../../arm-none-eabi/lib/thumb/v7-m/libcr_c.a(_fflush.o)
 .ARM.attributes
                0x0000000000000363       0x33 /Applications/MCUXpressoIDE_10.1.1_606/ide/tools/bin/../lib/gcc/arm-none-eabi/6.3.1/../../../../arm-none-eabi/lib/thumb/v7-m/libcr_c.a(_frexpl.o)
 .ARM.attributes
                0x0000000000000396       0x33 /Applications/MCUXpressoIDE_10.1.1_606/ide/tools/bin/../lib/gcc/arm-none-eabi/6.3.1/../../../../arm-none-eabi/lib/thumb/v7-m/libcr_c.a(_ldexpl.o)
 .ARM.attributes
                0x00000000000003c9       0x33 /Applications/MCUXpressoIDE_10.1.1_606/ide/tools/bin/../lib/gcc/arm-none-eabi/6.3.1/../../../../arm-none-eabi/lib/thumb/v7-m/libcr_c.a(_writebuf.o)
 .ARM.attributes
                0x00000000000003fc       0x33 /Applications/MCUXpressoIDE_10.1.1_606/ide/tools/bin/../lib/gcc/arm-none-eabi/6.3.1/../../../../arm-none-eabi/lib/thumb/v7-m/libcr_c.a(alloc.o)
 .ARM.attributes
                0x000000000000042f       0x33 /Applications/MCUXpressoIDE_10.1.1_606/ide/tools/bin/../lib/gcc/arm-none-eabi/6.3.1/../../../../arm-none-eabi/lib/thumb/v7-m/libcr_c.a(errno.o)
 .ARM.attributes
                0x0000000000000462       0x33 /Applications/MCUXpressoIDE_10.1.1_606/ide/tools/bin/../lib/gcc/arm-none-eabi/6.3.1/../../../../arm-none-eabi/lib/thumb/v7-m/libcr_c.a(fclose.o)
 .ARM.attributes
                0x0000000000000495       0x33 /Applications/MCUXpressoIDE_10.1.1_606/ide/tools/bin/../lib/gcc/arm-none-eabi/6.3.1/../../../../arm-none-eabi/lib/thumb/v7-m/libcr_c.a(fflush.o)
 .ARM.attributes
                0x00000000000004c8       0x33 /Applications/MCUXpressoIDE_10.1.1_606/ide/tools/bin/../lib/gcc/arm-none-eabi/6.3.1/../../../../arm-none-eabi/lib/thumb/v7-m/libcr_c.a(fseek.o)
 .ARM.attributes
                0x00000000000004fb       0x33 /Applications/MCUXpressoIDE_10.1.1_606/ide/tools/bin/../lib/gcc/arm-none-eabi/6.3.1/../../../../arm-none-eabi/lib/thumb/v7-m/libcr_c.a(ftell.o)
 .ARM.attributes
                0x000000000000052e       0x33 /Applications/MCUXpressoIDE_10.1.1_606/ide/tools/bin/../lib/gcc/arm-none-eabi/6.3.1/../../../../arm-none-eabi/lib/thumb/v7-m/libcr_c.a(remove.o)
 .ARM.attributes
                0x0000000000000561       0x33 /Applications/MCUXpressoIDE_10.1.1_606/ide/tools/bin/../lib/gcc/arm-none-eabi/6.3.1/../../../../arm-none-eabi/lib/thumb/v7-m/libcr_c.a(__init_alloc.o)
 .ARM.attributes
                0x0000000000000594       0x33 /Applications/MCUXpressoIDE_10.1.1_606/ide/tools/bin/../lib/gcc/arm-none-eabi/6.3.1/../../../../arm-none-eabi/lib/thumb/v7-m/libcr_c.a(_cr_sbrk.o)
 .ARM.attributes
                0x00000000000005c7       0x33 /Applications/MCUXpressoIDE_10.1.1_606/ide/tools/bin/../lib/gcc/arm-none-eabi/6.3.1/../../../../arm-none-eabi/lib/thumb/v7-m/libcr_c.a(_do_fflush.o)
 .ARM.attributes
                0x00000000000005fa       0x33 /Applications/MCUXpressoIDE_10.1.1_606/ide/tools/bin/../lib/gcc/arm-none-eabi/6.3.1/../../../../arm-none-eabi/lib/thumb/v7-m/libcr_c.a(_hugeval.o)
 .ARM.attributes
                0x000000000000062d       0x33 /Applications/MCUXpressoIDE_10.1.1_606/ide/tools/bin/../lib/gcc/arm-none-eabi/6.3.1/../../../../arm-none-eabi/lib/thumb/v7-m/libcr_c.a(_cr_check_heap.o)
 .ARM.attributes
                0x0000000000000660       0x33 /Applications/MCUXpressoIDE_10.1.1_606/ide/tools/bin/../lib/gcc/arm-none-eabi/6.3.1/thumb/v7-m/libcr_eabihelpers.a(double.o)
 .ARM.attributes
                0x0000000000000693       0x21 /Applications/MCUXpressoIDE_10.1.1_606/ide/tools/bin/../lib/gcc/arm-none-eabi/6.3.1/thumb/v7-m/libcr_eabihelpers.a(memcpy.o)
 .ARM.attributes
                0x00000000000006b4       0x33 /Applications/MCUXpressoIDE_10.1.1_606/ide/tools/bin/../lib/gcc/arm-none-eabi/6.3.1/../../../../arm-none-eabi/lib/thumb/v7-m/libcr_semihost.a(__ciob.o)
 .ARM.attributes
                0x00000000000006e7       0x21 /Applications/MCUXpressoIDE_10.1.1_606/ide/tools/bin/../lib/gcc/arm-none-eabi/6.3.1/../../../../arm-none-eabi/lib/thumb/v7-m/libcr_semihost.a(__sys_appexit.o)
 .ARM.attributes
                0x0000000000000708       0x21 /Applications/MCUXpressoIDE_10.1.1_606/ide/tools/bin/../lib/gcc/arm-none-eabi/6.3.1/../../../../arm-none-eabi/lib/thumb/v7-m/libcr_semihost.a(__sys_close.o)
 .ARM.attributes
                0x0000000000000729       0x21 /Applications/MCUXpressoIDE_10.1.1_606/ide/tools/bin/../lib/gcc/arm-none-eabi/6.3.1/../../../../arm-none-eabi/lib/thumb/v7-m/libcr_semihost.a(__sys_flen.o)
 .ARM.attributes
                0x000000000000074a       0x21 /Applications/MCUXpressoIDE_10.1.1_606/ide/tools/bin/../lib/gcc/arm-none-eabi/6.3.1/../../../../arm-none-eabi/lib/thumb/v7-m/libcr_semihost.a(__sys_istty.o)
 .ARM.attributes
                0x000000000000076b       0x21 /Applications/MCUXpressoIDE_10.1.1_606/ide/tools/bin/../lib/gcc/arm-none-eabi/6.3.1/../../../../arm-none-eabi/lib/thumb/v7-m/libcr_semihost.a(__sys_remove.o)
 .ARM.attributes
                0x000000000000078c       0x21 /Applications/MCUXpressoIDE_10.1.1_606/ide/tools/bin/../lib/gcc/arm-none-eabi/6.3.1/../../../../arm-none-eabi/lib/thumb/v7-m/libcr_semihost.a(__sys_seek.o)
 .ARM.attributes
                0x00000000000007ad       0x21 /Applications/MCUXpressoIDE_10.1.1_606/ide/tools/bin/../lib/gcc/arm-none-eabi/6.3.1/../../../../arm-none-eabi/lib/thumb/v7-m/libcr_semihost.a(__sys_tmpnam.o)
 .ARM.attributes
                0x00000000000007ce       0x21 /Applications/MCUXpressoIDE_10.1.1_606/ide/tools/bin/../lib/gcc/arm-none-eabi/6.3.1/../../../../arm-none-eabi/lib/thumb/v7-m/libcr_semihost.a(__sys_write.o)

.debug_frame    0x0000000000000000      0x4f0
 .debug_frame   0x0000000000000000      0x1d4 ./src/DrawLine.o
 .debug_frame   0x00000000000001d4      0x170 ./src/cr_startup_lpc175x_6x.o
 .debug_frame   0x0000000000000344      0x170 ./src/ssp.o
 .debug_frame   0x00000000000004b4       0x3c /Users/Ran/Documents/MCUXpressoIDE_10.1.1/workspace/CMSIS_CORE_LPC17xx/Debug/libCMSIS_CORE_LPC17xx.a(system_LPC17xx.o)
